cargo :    Compiling rusty-audio v0.1.0 (C:\Users\david\rusty-audio)
At line:1 char:32
+ cd C:\Users\david\rusty-audio; cargo check --lib 2>&1 | Out-File -Fil ...
+                                ~~~~~~~~~~~~~~~~~~~~~~
    + CategoryInfo          : NotSpecified: (   Compiling ru...id\rusty-audio):String) [], RemoteException
    + FullyQualifiedErrorId : NativeCommandError
 
    Building [=======================> ] 411/413: rusty-audio(build)          
    Building [=======================> ] 412/413: rusty-audio                 
warning: unused imports: `AccessibleButton`, `AccessibleKnob`, `AlbumArtDisplay`, `CircularKnob`, `EnhancedSlider`, 
`MetadataDisplay`, `ProgressIndicator`, `ResponsiveSize`, and `ScreenSize`
  --> src\testing\ui_tests.rs:8:18
   |
 8 |     components::{AlbumArtDisplay, ProgressBar, MetadataDisplay},
   |                  ^^^^^^^^^^^^^^^               ^^^^^^^^^^^^^^^
 9 |     controls::{EnhancedSlider, CircularKnob, EnhancedButton},
   |                ^^^^^^^^^^^^^^  ^^^^^^^^^^^^
10 |     enhanced_controls::{AccessibleSlider, AccessibleKnob},
   |                                           ^^^^^^^^^^^^^^
11 |     enhanced_button::{AccessibleButton, ProgressIndicator},
   |                       ^^^^^^^^^^^^^^^^  ^^^^^^^^^^^^^^^^^
12 |     accessibility::AccessibilityManager,
13 |     utils::{ScreenSize, ResponsiveSize},
   |             ^^^^^^^^^^  ^^^^^^^^^^^^^^
   |
help: if this is a test module, consider adding a `#[cfg(test)]` to the containing module
  --> src\testing\mod.rs:11:1
   |
11 | pub mod ui_tests;
   | ^^^^^^^^^^^^^^^^^
   = note: `#[warn(unused_imports)]` (part of `#[warn(unused)]`) on by default

warning: unused imports: `Color32` and `Response`
  --> src\testing\ui_tests.rs:15:30
   |
15 | use egui::{Vec2, Rect, Pos2, Color32, Context, Response};
   |                              ^^^^^^^           ^^^^^^^^
   |
help: if this is a test module, consider adding a `#[cfg(test)]` to the containing module
  --> src\testing\mod.rs:11:1
   |
11 | pub mod ui_tests;
   | ^^^^^^^^^^^^^^^^^

warning: unused imports: `AccessibleKnob`, `AccessibleSlider`, `AlbumArtDisplay`, `ButtonStyle`, `CircularKnob`, 
`EnhancedButton`, `EnhancedSlider`, `MetadataDisplay`, `MetadataLayout`, `ProgressBar`, `ResponsiveSize`, 
`ScreenSize`, and `accessibility::AccessibilityManager`
  --> src\testing\visual_regression.rs:8:18
   |
 8 |     components::{AlbumArtDisplay, ProgressBar, MetadataDisplay, MetadataLayout},
   |                  ^^^^^^^^^^^^^^^  ^^^^^^^^^^^  ^^^^^^^^^^^^^^^  ^^^^^^^^^^^^^^
 9 |     controls::{EnhancedSlider, CircularKnob, EnhancedButton, ButtonStyle},
   |                ^^^^^^^^^^^^^^  ^^^^^^^^^^^^  ^^^^^^^^^^^^^^  ^^^^^^^^^^^
10 |     enhanced_controls::{AccessibleSlider, AccessibleKnob},
   |                         ^^^^^^^^^^^^^^^^  ^^^^^^^^^^^^^^
11 |     accessibility::AccessibilityManager,
   |     ^^^^^^^^^^^^^^^^^^^^^^^^^^^^^^^^^^^
12 |     utils::{ScreenSize, ResponsiveSize},
   |             ^^^^^^^^^^  ^^^^^^^^^^^^^^

warning: unused imports: `Context`, `Pos2`, and `Rect`
  --> src\testing\visual_regression.rs:14:18
   |
14 | use egui::{Vec2, Rect, Pos2, Color32, Context, ColorImage};
   |                  ^^^^  ^^^^           ^^^^^^^

warning: unused imports: `GeneratorState`, `TestResult`, `TestSuite`, `ThemeManager`, `Theme`, and `approx_equal`
  --> src\testing\audio_feature_tests.rs:7:15
   |
 7 |     testing::{TestResult, TestSuite, approx_equal, calculate_rms, calculate_peak},
   |               ^^^^^^^^^^  ^^^^^^^^^  ^^^^^^^^^^^^
 8 |     ui::{
 9 |         signal_generator::{SignalGeneratorPanel, GeneratorState},
   |                                                  ^^^^^^^^^^^^^^
10 |         theme::{Theme, ThemeManager},
   |                 ^^^^^  ^^^^^^^^^^^^
   |
help: if this is a test module, consider adding a `#[cfg(test)]` to the containing module
  --> src\testing\mod.rs:13:1
   |
13 | pub mod audio_feature_tests;
   | ^^^^^^^^^^^^^^^^^^^^^^^^^^^^

warning: unused imports: `AnalyserNode`, `AudioNode`, `AudioScheduledSourceNode`, and `BiquadFilterNode`
  --> src\testing\audio_feature_tests.rs:15:12
   |
15 |     node::{AudioNode, AudioScheduledSourceNode, BiquadFilterNode, BiquadFilterType, AnalyserNode},
   |            ^^^^^^^^^  ^^^^^^^^^^^^^^^^^^^^^^^^  ^^^^^^^^^^^^^^^^                    ^^^^^^^^^^^^
   |
help: if this is a test module, consider adding a `#[cfg(test)]` to the containing module
  --> src\testing\mod.rs:13:1
   |
13 | pub mod audio_feature_tests;
   | ^^^^^^^^^^^^^^^^^^^^^^^^^^^^

warning: unused import: `Rounding`
 --> src\ui\theme.rs:1:37
  |
1 | use egui::{Color32, Visuals, Style, Rounding, Vec2};
  |                                     ^^^^^^^^

warning: unused imports: `CursorIcon`, `Modifiers`, and `Vec2`
 --> src\ui\accessibility.rs:1:16
  |
1 | use egui::{Ui, Vec2, Rect, Pos2, Color32, Response, RichText, Key, Modifiers, CursorIcon, Id};
  |                ^^^^                                                ^^^^^^^^^  ^^^^^^^^^^

warning: unused imports: `ColorUtils` and `DrawUtils`
 --> src\ui\accessibility.rs:5:36
  |
5 | use super::utils::{AnimationState, ColorUtils, DrawUtils};
  |                                    ^^^^^^^^^^  ^^^^^^^^^

warning: unused import: `RichText`
 --> src\ui\enhanced_controls.rs:3:46
  |
3 |     emath::remap_clamp, epaint::CircleShape, RichText,
  |                                              ^^^^^^^^

warning: unused imports: `Button` and `Color32`
 --> src\ui\error_handling.rs:1:22
  |
1 | use egui::{Ui, Vec2, Color32, RichText, Button};
  |                      ^^^^^^^            ^^^^^^

warning: unused import: `ColorUtils`
 --> src\ui\error_handling.rs:4:36
  |
4 | use super::utils::{AnimationState, ColorUtils};
  |                                    ^^^^^^^^^^

warning: unused import: `RecordingBuffer`
  --> src\ui\recording_panel.rs:10:37
   |
10 |     AudioRecorder, RecordingConfig, RecordingBuffer,
   |                                     ^^^^^^^^^^^^^^^

warning: unused import: `std::collections::VecDeque`
 --> src\audio_optimizations.rs:5:5
  |
5 | use std::collections::VecDeque;
  |     ^^^^^^^^^^^^^^^^^^^^^^^^^^

warning: unused import: `windows::Win32::Foundation::*`
   --> src\audio_optimizations.rs:407:17
    |
407 |             use windows::Win32::Foundation::*;
    |                 ^^^^^^^^^^^^^^^^^^^^^^^^^^^^^

warning: unused import: `windows::Win32::Foundation::*`
   --> src\audio_optimizations.rs:447:17
    |
447 |             use windows::Win32::Foundation::*;
    |                 ^^^^^^^^^^^^^^^^^^^^^^^^^^^^^

warning: unused import: `Mutex`
 --> src\security\thread_safe_state.rs:6:27
  |
6 | use parking_lot::{RwLock, Mutex};
  |                           ^^^^^

warning: unused import: `ErrorContext`
 --> src\audio_engine.rs:6:32
  |
6 | use crate::error::{AudioError, ErrorContext, Result};
  |                                ^^^^^^^^^^^^

warning: unused import: `std::sync::Arc`
 --> src\audio_engine.rs:8:5
  |
8 | use std::sync::Arc;
  |     ^^^^^^^^^^^^^^

warning: unused import: `error`
  --> src\audio_engine.rs:10:27
   |
10 | use tracing::{info, warn, error, debug};
   |                           ^^^^^

warning: unused import: `ErrorContext`
 --> src\metadata.rs:6:47
  |
6 | use crate::error::{MetadataError, ImageError, ErrorContext, Result};
  |                                               ^^^^^^^^^^^^

warning: unused import: `Context`
 --> src\ai\audio_analyzer.rs:6:22
  |
6 | use anyhow::{Result, Context};
  |                      ^^^^^^^

warning: unused import: `Context`
 --> src\ai\eq_optimizer.rs:6:22
  |
6 | use anyhow::{Result, Context};
  |                      ^^^^^^^

warning: unused import: `Context`
 --> src\ai\noise_reduction.rs:6:22
  |
6 | use anyhow::{Result, Context};
  |                      ^^^^^^^

warning: unused import: `Context`
 --> src\ai\volume_normalizer.rs:6:22
  |
6 | use anyhow::{Result, Context};
  |                      ^^^^^^^

warning: unused import: `Context`
 --> src\ai\format_optimizer.rs:6:22
  |
6 | use anyhow::{Result, Context};
  |                      ^^^^^^^

warning: unused import: `crate::ai::feature_extractor::AudioFeatures`
 --> src\ai\playlist_generator.rs:4:5
  |
4 | use crate::ai::feature_extractor::AudioFeatures;
  |     ^^^^^^^^^^^^^^^^^^^^^^^^^^^^^^^^^^^^^^^^^^^

warning: unused import: `crate::ai::feature_extractor::AudioFeatures`
 --> src\ai\audio_classifier.rs:4:5
  |
4 | use crate::ai::feature_extractor::AudioFeatures;
  |     ^^^^^^^^^^^^^^^^^^^^^^^^^^^^^^^^^^^^^^^^^^^

warning: unused import: `Context`
 --> src\ai\feature_extractor.rs:5:22
  |
5 | use anyhow::{Result, Context};
  |                      ^^^^^^^

warning: unused import: `Context`
 --> src\ai\ml_models.rs:6:22
  |
6 | use anyhow::{Result, Context};
  |                      ^^^^^^^

warning: unused import: `ArrayD`
  --> src\ai\ml_models.rs:11:31
   |
11 | use ndarray::{Array1, Array2, ArrayD};
   |                               ^^^^^^

warning: unused import: `std::sync::Arc`
  --> src\ai\mod.rs:20:5
   |
20 | use std::sync::Arc;
   |     ^^^^^^^^^^^^^^

warning: unused import: `parking_lot::RwLock`
  --> src\ai\mod.rs:21:5
   |
21 | use parking_lot::RwLock;
   |     ^^^^^^^^^^^^^^^^^^^

warning: unused import: `std::sync::Arc`
 --> src\audio\backend.rs:6:5
  |
6 | use std::sync::Arc;
  |     ^^^^^^^^^^^^^^

warning: unused import: `parking_lot::RwLock`
  --> src\audio\device.rs:11:5
   |
11 | use parking_lot::RwLock;
   |     ^^^^^^^^^^^^^^^^^^^

warning: unused imports: `DeviceTrait` and `StreamTrait`
  --> src\audio\hybrid.rs:22:20
   |
22 | use cpal::traits::{DeviceTrait, HostTrait, StreamTrait};
   |                    ^^^^^^^^^^^             ^^^^^^^^^^^

warning: unused import: `AudioScheduledSourceNode`
 --> src\audio\web_bridge.rs:9:38
  |
9 | use web_audio_api::node::{AudioNode, AudioScheduledSourceNode};
  |                                      ^^^^^^^^^^^^^^^^^^^^^^^^

warning: unused imports: `SampleFormat` and `StreamStatus`
 --> src\audio\recorder.rs:8:62
  |
8 | use super::backend::{AudioBackendError, AudioConfig, Result, SampleFormat, StreamStatus};
  |                                                              ^^^^^^^^^^^^  ^^^^^^^^^^^^

warning: use of deprecated type alias `egui::Rounding`: Renamed to CornerRadius
 --> src\ui\theme.rs:1:37
  |
1 | use egui::{Color32, Visuals, Style, Rounding, Vec2};
  |                                     ^^^^^^^^
  |
  = note: `#[warn(deprecated)]` on by default

error[E0061]: this function takes 3 arguments but 5 arguments were supplied
   --> src\testing\ui_tests.rs:202:9
    |
202 |         egui::Ui::new(
    |         ^^^^^^^^^^^^^
203 |             self.ctx.clone(),
204 |             egui::LayerId::background(),
    |             --------------------------- unexpected argument #2 of type `LayerId`
205 |             egui::Id::new("test_ui"),
206 |             Rect::from_min_size(Pos2::ZERO, self.screen_size),
    |             ------------------------------------------------- expected `UiBuilder`, found `Rect`
207 |             Rect::from_min_size(Pos2::ZERO, self.screen_size),
    |             ------------------------------------------------- unexpected argument #5 of type `egui::Rect`
    |
note: associated function defined here
   --> C:\Users\david\.cargo\registry\src\index.crates.io-1949cf8c6b5b557f\egui-0.33.0\src\ui.rs:123:12
    |
123 |     pub fn new(ctx: Context, id: Id, ui_builder: UiBuilder) -> Self {
    |            ^^^
help: remove the extra arguments
    |
203 ~             self.ctx.clone(),
204 |             egui::Id::new("test_ui"),
205 ~             /* UiBuilder */,
    |

warning: use of deprecated method `egui::Ui::allocate_ui_at_rect`: Use `allocate_new_ui` instead
   --> src\ui\components.rs:482:12
    |
482 |         ui.allocate_ui_at_rect(rect, |ui| {
    |            ^^^^^^^^^^^^^^^^^^^

warning: use of deprecated method `egui::Ui::allocate_ui_at_rect`: Use `allocate_new_ui` instead
   --> src\ui\layout.rs:444:12
    |
444 |         ui.allocate_ui_at_rect(actual_rect, |ui| {
    |            ^^^^^^^^^^^^^^^^^^^

warning: use of deprecated associated function `egui::Frame::none`: Use `Frame::NONE` or `Frame::new()` instead.
   --> src\ui\layout.rs:445:26
    |
445 |             egui::Frame::none()
    |                          ^^^^

warning: use of deprecated method `egui::Frame::rounding`: Renamed to `corner_radius`
   --> src\ui\layout.rs:448:18
    |
448 |                 .rounding(ui.visuals().widgets.noninteractive.rounding)
    |                  ^^^^^^^^

error[E0615]: attempted to take value of method `rounding` on type `WidgetVisuals`
   --> src\ui\layout.rs:448:63
    |
448 |                 .rounding(ui.visuals().widgets.noninteractive.rounding)
    |                                                               ^^^^^^^^ method, not a field
    |
help: use parentheses to call the method
    |
448 |                 .rounding(ui.visuals().widgets.noninteractive.rounding())
    |                                                                       ++

error[E0308]: mismatched types
   --> src\ui\layout.rs:449:50
    |
449 |                 .inner_margin(egui::Margin::same(4.0))
    |                               ------------------ ^^^ expected `i8`, found floating-point number
    |                               |
    |                               arguments to this function are incorrect
    |
note: associated function defined here
   --> C:\Users\david\.cargo\registry\src\index.crates.io-1949cf8c6b5b557f\epaint-0.33.0\src\margin.rs:33:18
    |
 33 |     pub const fn same(margin: i8) -> Self {
    |                  ^^^^

error[E0308]: mismatched types
   --> src\ui\theme.rs:177:25
    |
177 |                 offset: Vec2::new(4.0, 4.0),
    |                         ^^^^^^^^^^^^^^^^^^^ expected `[i8; 2]`, found `Vec2`

error[E0308]: mismatched types
   --> src\ui\theme.rs:178:23
    |
178 |                 blur: 8.0,
    |                       ^^^ expected `u8`, found floating-point number

error[E0308]: mismatched types
   --> src\ui\theme.rs:179:25
    |
179 |                 spread: 0.0,
    |                         ^^^ expected `u8`, found floating-point number

error[E0308]: mismatched types
   --> src\ui\theme.rs:243:21
    |
243 |             offset: Vec2::new(0.0, 4.0),
    |                     ^^^^^^^^^^^^^^^^^^^ expected `[i8; 2]`, found `Vec2`

error[E0308]: mismatched types
   --> src\ui\theme.rs:244:19
    |
244 |             blur: 16.0,
    |                   ^^^^ expected `u8`, found floating-point number

error[E0308]: mismatched types
   --> src\ui\theme.rs:245:21
    |
245 |             spread: 0.0,
    |                     ^^^ expected `u8`, found floating-point number

error[E0308]: mismatched types
   --> src\ui\theme.rs:250:21
    |
250 |             offset: Vec2::new(0.0, 2.0),
    |                     ^^^^^^^^^^^^^^^^^^^ expected `[i8; 2]`, found `Vec2`

error[E0308]: mismatched types
   --> src\ui\theme.rs:251:19
    |
251 |             blur: 8.0,
    |                   ^^^ expected `u8`, found floating-point number

error[E0308]: mismatched types
   --> src\ui\theme.rs:252:21
    |
252 |             spread: 0.0,
    |                     ^^^ expected `u8`, found floating-point number

error[E0061]: this method takes 4 arguments but 3 arguments were supplied
   --> src\ui\utils.rs:169:22
    |
169 |         ui.painter().rect_stroke(rect, rounding, stroke);
    |                      ^^^^^^^^^^^------------------------ argument #4 of type `StrokeKind` is missing
    |
note: method defined here
   --> C:\Users\david\.cargo\registry\src\index.crates.io-1949cf8c6b5b557f\egui-0.33.0\src\painter.rs:447:12
    |
447 |     pub fn rect_stroke(
    |            ^^^^^^^^^^^
help: provide the argument
    |
169 |         ui.painter().rect_stroke(rect, rounding, stroke, /* StrokeKind */);
    |                                                        ++++++++++++++++++

warning: use of deprecated associated function `egui::ComboBox::from_id_source`: Renamed from_id_salt
   --> src\ui\signal_generator.rs:261:23
    |
261 |             ComboBox::from_id_source("signal_type")
    |                       ^^^^^^^^^^^^^^

warning: use of deprecated associated function `egui::ComboBox::from_id_source`: Renamed from_id_salt
   --> src\ui\signal_generator.rs:456:23
    |
456 |             ComboBox::from_id_source("sample_rate")
    |                       ^^^^^^^^^^^^^^

error[E0061]: this method takes 4 arguments but 3 arguments were supplied
   --> src\ui\enhanced_controls.rs:741:21
    |
741 |             painter.rect_stroke(text_rect, 3.0, Stroke::new(1.0, colors.text_secondary));
    |                     ^^^^^^^^^^^--------------------------------------------------------- argument #4 of type 
`StrokeKind` is missing
    |
note: method defined here
   --> C:\Users\david\.cargo\registry\src\index.crates.io-1949cf8c6b5b557f\egui-0.33.0\src\painter.rs:447:12
    |
447 |     pub fn rect_stroke(
    |            ^^^^^^^^^^^
help: provide the argument
    |
741 |             painter.rect_stroke(text_rect, 3.0, Stroke::new(1.0, colors.text_secondary), /* StrokeKind */);
    |                                                                                        ++++++++++++++++++

warning: unused import: `HostTrait`
  --> src\audio\hybrid.rs:22:33
   |
22 | use cpal::traits::{DeviceTrait, HostTrait, StreamTrait};
   |                                 ^^^^^^^^^

warning: unused variable: `freq`
   --> src\testing\signal_generators.rs:340:17
    |
340 |             let freq = self.start_freq + (self.end_freq - self.start_freq) * t_norm;
    |                 ^^^^
    |
    = note: `#[warn(unused_variables)]` (part of `#[warn(unused)]`) on by default
help: if this is intentional, prefix it with an underscore
    |
340 |             let _freq = self.start_freq + (self.end_freq - self.start_freq) * t_norm;
    |                 +
help: you might have meant to pattern match on the similarly named constant `MAX_RATE`
    |
340 -             let freq = self.start_freq + (self.end_freq - self.start_freq) * t_norm;
340 +             let security::input_validator::InputValidator::validate_playback_rate::MAX_RATE = self.start_freq + 
(self.end_freq - self.start_freq) * t_norm;
    |

warning: unused variable: `freq_error`
   --> src\testing\spectrum_analysis.rs:303:21
    |
303 |                 let freq_error = (detected_freq - freq).abs();
    |                     ^^^^^^^^^^
    |
help: if this is intentional, prefix it with an underscore
    |
303 |                 let _freq_error = (detected_freq - freq).abs();
    |                     +
help: you might have meant to pattern match on the similarly named constant `MAX_RATE`
    |
303 -                 let freq_error = (detected_freq - freq).abs();
303 +                 let security::input_validator::InputValidator::validate_playback_rate::MAX_RATE = (detected_freq 
- freq).abs();
    |

warning: unused variable: `omega`
   --> src\testing\equalizer_tests.rs:197:13
    |
197 |         let omega = 2.0 * PI * test_frequency / SAMPLE_RATE;
    |             ^^^^^
    |
help: if this is intentional, prefix it with an underscore
    |
197 |         let _omega = 2.0 * PI * test_frequency / SAMPLE_RATE;
    |             +
help: you might have meant to pattern match on the similarly named constant `MAX_RATE`
    |
197 -         let omega = 2.0 * PI * test_frequency / SAMPLE_RATE;
197 +         let security::input_validator::InputValidator::validate_playback_rate::MAX_RATE = 2.0 * PI * 
test_frequency / SAMPLE_RATE;
    |

warning: unused variable: `input_analysis`
   --> src\testing\equalizer_tests.rs:229:13
    |
229 |         let input_analysis = self.analyzer.analyze(&sweep_samples, SAMPLE_RATE);
    |             ^^^^^^^^^^^^^^ help: if this is intentional, prefix it with an underscore: `_input_analysis`

warning: unused variable: `filter`
   --> src\testing\equalizer_tests.rs:219:39
    |
219 |     fn test_filter_empirically(&self, filter: &BiquadFilterNode,
    |                                       ^^^^^^ help: if this is intentional, prefix it with an underscore: 
`_filter`

warning: unused variable: `q`
   --> src\testing\equalizer_tests.rs:221:47
    |
221 | ...                   frequency: f32, q: f32, gain: f32) -> TestSuite {
    |                                       ^
    |
help: if this is intentional, prefix it with an underscore
    |
221 |                               frequency: f32, _q: f32, gain: f32) -> TestSuite {
    |                                               +
help: you might have meant to pattern match on the similarly named constant `MAX_RATE`
    |
221 -                               frequency: f32, q: f32, gain: f32) -> TestSuite {
221 +                               frequency: f32, 
security::input_validator::InputValidator::validate_playback_rate::MAX_RATE: f32, gain: f32) -> TestSuite {
    |

warning: unused variable: `eq_bands`
   --> src\testing\equalizer_tests.rs:315:34
    |
315 |     fn test_flat_response(&self, eq_bands: &[BiquadFilterNode]) -> TestSuite {
    |                                  ^^^^^^^^ help: if this is intentional, prefix it with an underscore: `_eq_bands`

warning: unused variable: `analysis`
   --> src\testing\property_tests.rs:232:9
    |
232 |     let analysis = analyzer.analyze(&samples, SAMPLE_RATE);
    |         ^^^^^^^^ help: if this is intentional, prefix it with an underscore: `_analysis`

warning: unused variable: `keyboard_accessible`
   --> src\testing\ui_tests.rs:473:13
    |
473 |         let keyboard_accessible = accessibility_manager.handle_keyboard_input(&ui);
    |             ^^^^^^^^^^^^^^^^^^^ help: if this is intentional, prefix it with an underscore: 
`_keyboard_accessible`

warning: variable does not need to be mutable
   --> src\testing\ui_tests.rs:469:13
    |
469 |         let mut ui = mock_ctx.create_test_ui();
    |             ----^^
    |             |
    |             help: remove this `mut`
    |
    = note: `#[warn(unused_mut)]` (part of `#[warn(unused)]`) on by default

warning: unused variable: `colors`
   --> src\testing\ui_tests.rs:687:63
    |
687 |             .test_component_responsiveness("MainLayout", |ui, colors, screen_size| {
    |                                                               ^^^^^^ help: if this is intentional, prefix it 
with an underscore: `_colors`

warning: unused variable: `screen_size`
   --> src\testing\ui_tests.rs:687:71
    |
687 |             .test_component_responsiveness("MainLayout", |ui, colors, screen_size| {
    |                                                                       ^^^^^^^^^^^ help: if this is intentional, 
prefix it with an underscore: `_screen_size`

warning: unused variable: `colors`
   --> src\testing\ui_tests.rs:691:58
    |
691 |             .test_hidpi_scaling("HiDPI Components", |ui, colors, scale_factor| {
    |                                                          ^^^^^^ help: if this is intentional, prefix it with an 
underscore: `_colors`

warning: unused variable: `base_color`
   --> src\testing\visual_regression.rs:228:13
    |
228 |         let base_color = Color32::from_rgb(r, g, b);
    |             ^^^^^^^^^^ help: if this is intentional, prefix it with an underscore: `_base_color`

warning: unused variable: `pixels`
   --> src\testing\visual_regression.rs:280:13
    |
280 |         let pixels: Vec<Color32> = rgba.pixels()
    |             ^^^^^^ help: if this is intentional, prefix it with an underscore: `_pixels`

warning: unused variable: `painter`
   --> src\ui\components.rs:480:13
    |
480 |         let painter = ui.painter();
    |             ^^^^^^^ help: if this is intentional, prefix it with an underscore: `_painter`

warning: unused variable: `dt`
   --> src\ui\components.rs:518:13
    |
518 |         let dt = ui.ctx().input(|i| i.stable_dt);
    |             ^^
    |
help: if this is intentional, prefix it with an underscore
    |
518 |         let _dt = ui.ctx().input(|i| i.stable_dt);
    |             +
help: you might have meant to pattern match on the similarly named constant `MAX_RATE`
    |
518 -         let dt = ui.ctx().input(|i| i.stable_dt);
518 +         let security::input_validator::InputValidator::validate_playback_rate::MAX_RATE = ui.ctx().input(|i| 
i.stable_dt);
    |

warning: unused variable: `id`
   --> src\ui\layout.rs:221:14
    |
221 |         for (id, panel) in self.state.panels.iter_mut() {
    |              ^^ help: if this is intentional, prefix it with an underscore: `_id`

warning: unused variable: `ui`
   --> src\ui\layout.rs:414:34
    |
414 |                 .show(ui.ctx(), |ui| {
    |                                  ^^ help: if this is intentional, prefix it with an underscore: `_ui`

warning: unused variable: `ui`
   --> src\ui\layout.rs:535:40
    |
535 |     fn handle_drag_and_drop(&mut self, ui: &mut Ui) {
    |                                        ^^ help: if this is intentional, prefix it with an underscore: `_ui`

warning: unused variable: `left`
   --> src\ui\dock_layout.rs:194:23
    |
194 |         let [_center, left] = state.main_surface_mut().split_left(
    |                       ^^^^ help: if this is intentional, prefix it with an underscore: `_left`

warning: unused variable: `angle`
   --> src\ui\controls.rs:367:21
    |
367 |                 let angle = delta.y.atan2(delta.x);
    |                     ^^^^^
    |
help: if this is intentional, prefix it with an underscore
    |
367 |                 let _angle = delta.y.atan2(delta.x);
    |                     +
help: you might have meant to pattern match on the similarly named constant `MAX_RATE`
    |
367 -                 let angle = delta.y.atan2(delta.x);
367 +                 let security::input_validator::InputValidator::validate_playback_rate::MAX_RATE = 
delta.y.atan2(delta.x);
    |

warning: unused variable: `last_pos`
   --> src\ui\controls.rs:370:29
    |
370 |                 if let Some(last_pos) = ui.ctx().input(|i| i.pointer.hover_pos()) {
    |                             ^^^^^^^^ help: if this is intentional, prefix it with an underscore: `_last_pos`

warning: unused variable: `rect`
   --> src\ui\controls.rs:408:29
    |
408 |     fn draw(&self, ui: &Ui, rect: Rect, center: Pos2, colors: &ThemeColors) {
    |                             ^^^^ help: if this is intentional, prefix it with an underscore: `_rect`

warning: unused variable: `mesh`
   --> src\ui\utils.rs:189:13
    |
189 |         let mesh = egui::Mesh::with_texture(egui::TextureId::default());
    |             ^^^^ help: if this is intentional, prefix it with an underscore: `_mesh`

warning: unused variable: `glow_color`
   --> src\ui\utils.rs:218:13
    |
218 |         let glow_color = ColorUtils::with_alpha(color, intensity * 0.5);
    |             ^^^^^^^^^^ help: if this is intentional, prefix it with an underscore: `_glow_color`

warning: unused variable: `ui`
   --> src\ui\accessibility.rs:378:30
    |
378 |     pub fn update(&mut self, ui: &Ui) {
    |                              ^^ help: if this is intentional, prefix it with an underscore: `_ui`

warning: unused variable: `ui`
   --> src\ui\accessibility.rs:448:30
    |
448 |     pub fn update(&mut self, ui: &Ui, dt: f32) {
    |                              ^^ help: if this is intentional, prefix it with an underscore: `_ui`

warning: unused variable: `control_type`
   --> src\ui\accessibility.rs:455:48
    |
455 |     pub fn register_control(&mut self, id: Id, control_type: FocusableControlType, rect: Rect) {
    |                                                ^^^^^^^^^^^^ help: if this is intentional, prefix it with an 
underscore: `_control_type`

warning: unused variable: `rect`
   --> src\ui\accessibility.rs:455:84
    |
455 |     pub fn register_control(&mut self, id: Id, control_type: FocusableControlType, rect: Rect) {
    |                                                                                    ^^^^ help: if this is 
intentional, prefix it with an underscore: `_rect`

warning: unused variable: `dt`
   --> src\ui\accessibility.rs:566:30
    |
566 |     pub fn update(&mut self, dt: f32) {
    |                              ^^
    |
help: if this is intentional, prefix it with an underscore
    |
566 |     pub fn update(&mut self, _dt: f32) {
    |                              +
help: you might have meant to pattern match on the similarly named constant `MAX_RATE`
    |
566 -     pub fn update(&mut self, dt: f32) {
566 +     pub fn update(&mut self, security::input_validator::InputValidator::validate_playback_rate::MAX_RATE: f32) {
    |

error[E0596]: cannot borrow `*f` as mutable, as it is behind a `&` reference
   --> src\ui\enhanced_button.rs:114:38
    |
114 |         let text_size = ui.fonts(|f| f.layout_no_wrap(
    |                                   -  ^ `f` is a `&` reference, so the data it refers to cannot be borrowed as 
mutable
    |                                   |
    |                                   consider changing this binding's type to be: `&mut FontsView<'_>`

warning: unused variable: `colors`
   --> src\ui\enhanced_button.rs:221:49
    |
221 |     fn show_confirmation_dialog(&self, ui: &Ui, colors: &ThemeColors) {
    |                                                 ^^^^^^ help: if this is intentional, prefix it with an 
underscore: `_colors`

warning: unused variable: `loading_factor`
   --> src\ui\enhanced_button.rs:248:13
    |
248 |         let loading_factor = self.loading_animation.value();
    |             ^^^^^^^^^^^^^^
    |
help: if this is intentional, prefix it with an underscore
    |
248 |         let _loading_factor = self.loading_animation.value();
    |             +
help: you might have meant to pattern match on the similarly named constant `MAX_RATE`
    |
248 -         let loading_factor = self.loading_animation.value();
248 +         let security::input_validator::InputValidator::validate_playback_rate::MAX_RATE = 
self.loading_animation.value();
    |

warning: unused variable: `now`
   --> src\ui\error_handling.rs:108:13
    |
108 |         let now = Instant::now();
    |             ^^^ help: if this is intentional, prefix it with an underscore: `_now`

warning: unused variable: `response`
   --> src\ui\recording_panel.rs:229:32
    |
229 |                     let (rect, response) = ui.allocate_exact_size(
    |                                ^^^^^^^^ help: if this is intentional, prefix it with an underscore: `_response`

warning: unused variable: `path`
   --> src\audio_optimizations.rs:229:30
    |
229 |     fn load_from_disk(&self, path: &std::path::Path) -> Result<Vec<f32>, String> {
    |                              ^^^^ help: if this is intentional, prefix it with an underscore: `_path`

warning: variable does not need to be mutable
   --> src\audio_optimizations.rs:274:13
    |
274 |         let mut planner = rustfft::FftPlanner::new();
    |             ----^^^^^^^
    |             |
    |             help: remove this `mut`

warning: unused variable: `properties`
  --> src\metadata.rs:78:13
   |
78 |         let properties = tagged_file.file_type();
   |             ^^^^^^^^^^ help: if this is intentional, prefix it with an underscore: `_properties`

warning: unused variable: `sample_rate`
   --> src\ai\audio_analyzer.rs:193:48
    |
193 |     fn calculate_mfcc(&self, spectrum: &[f32], sample_rate: u32) -> Result<Vec<f32>> {
    |                                                ^^^^^^^^^^^ help: if this is intentional, prefix it with an 
underscore: `_sample_rate`

warning: unused variable: `sample_rate`
   --> src\ai\audio_analyzer.rs:349:55
    |
349 |     fn calculate_beat_strength(&self, buffer: &[f32], sample_rate: u32) -> Result<f32> {
    |                                                       ^^^^^^^^^^^ help: if this is intentional, prefix it with 
an underscore: `_sample_rate`

warning: unused variable: `window_size`
   --> src\ai\audio_analyzer.rs:361:13
    |
361 |         let window_size = 2048;
    |             ^^^^^^^^^^^ help: if this is intentional, prefix it with an underscore: `_window_size`

warning: unused variable: `buffer`
   --> src\ai\audio_analyzer.rs:379:43
    |
379 |     fn calculate_rhythm_regularity(&self, buffer: &[f32], sample_rate: u32) -> Result<f32> {
    |                                           ^^^^^^ help: if this is intentional, prefix it with an underscore: 
`_buffer`

warning: unused variable: `sample_rate`
   --> src\ai\audio_analyzer.rs:379:59
    |
379 |     fn calculate_rhythm_regularity(&self, buffer: &[f32], sample_rate: u32) -> Result<f32> {
    |                                                           ^^^^^^^^^^^ help: if this is intentional, prefix it 
with an underscore: `_sample_rate`

warning: unused variable: `features`
   --> src\ai\eq_optimizer.rs:190:9
    |
190 |         features: &AudioFeatures,
    |         ^^^^^^^^ help: if this is intentional, prefix it with an underscore: `_features`

warning: unused variable: `delta`
   --> src\ai\eq_optimizer.rs:340:17
    |
340 |             let delta = adj.gain - orig.gain;
    |                 ^^^^^
    |
help: if this is intentional, prefix it with an underscore
    |
340 |             let _delta = adj.gain - orig.gain;
    |                 +
help: you might have meant to pattern match on the similarly named constant `MAX_RATE`
    |
340 -             let delta = adj.gain - orig.gain;
340 +             let security::input_validator::InputValidator::validate_playback_rate::MAX_RATE = adj.gain - 
orig.gain;
    |

warning: unused variable: `features`
   --> src\ai\eq_optimizer.rs:337:91
    |
337 |     pub fn learn_from_adjustment(&mut self, original: &EQSettings, adjusted: &EQSettings, features: 
&AudioFeatures) {
    |                                                                                           ^^^^^^^^ help: if this 
is intentional, prefix it with an underscore: `_features`

warning: unused variable: `features`
   --> src\ai\eq_optimizer.rs:376:37
    |
376 |     fn identify_problems(&mut self, features: &AudioFeatures) -> Result<()> {
    |                                     ^^^^^^^^ help: if this is intentional, prefix it with an underscore: 
`_features`

warning: unused variable: `features`
   --> src\ai\noise_reduction.rs:475:45
    |
475 |     fn calculate(&mut self, buffer: &[f32], features: &AudioFeatures) -> Result<f32> {
    |                                             ^^^^^^^^ help: if this is intentional, prefix it with an underscore: 
`_features`

warning: unused variable: `features`
  --> src\ai\preset_recommender.rs:14:33
   |
14 |     pub fn recommend(&mut self, features: &AudioFeatures) -> Result<Vec<AudioPreset>> {
   |                                 ^^^^^^^^ help: if this is intentional, prefix it with an underscore: `_features`

warning: unused variable: `features`
  --> src\ai\anomaly_detector.rs:13:30
   |
13 |     pub fn detect(&mut self, features: &AudioFeatures) -> Result<Option<AudioAnomaly>> {
   |                              ^^^^^^^^ help: if this is intentional, prefix it with an underscore: `_features`

warning: unused variable: `buffer`
   --> src\ai\feature_extractor.rs:116:73
    |
116 |     fn extract_energy_features(&mut self, features: &mut AudioFeatures, buffer: &[f32], sample_rate: u32) -> 
Result<()> {
    |                                                                         ^^^^^^ help: if this is intentional, 
prefix it with an underscore: `_buffer`

warning: unused variable: `buffer`
   --> src\ai\feature_extractor.rs:171:75
    |
171 |     fn extract_harmonic_features(&mut self, features: &mut AudioFeatures, buffer: &[f32], sample_rate: u32) -> 
Result<()> {
    |                                                                           ^^^^^^ help: if this is intentional, 
prefix it with an underscore: `_buffer`

warning: unused variable: `buffer`
   --> src\ai\feature_extractor.rs:197:71
    |
197 |     fn extract_mfcc_features(&mut self, features: &mut AudioFeatures, buffer: &[f32], sample_rate: u32) -> 
Result<()> {
    |                                                                       ^^^^^^ help: if this is intentional, 
prefix it with an underscore: `_buffer`

warning: unused variable: `buffer`
   --> src\ai\feature_extractor.rs:311:30
    |
311 |     fn estimate_tempo(&self, buffer: &[f32], sample_rate: u32) -> Result<f32> {
    |                              ^^^^^^ help: if this is intentional, prefix it with an underscore: `_buffer`

warning: unused variable: `sample_rate`
   --> src\ai\feature_extractor.rs:311:46
    |
311 |     fn estimate_tempo(&self, buffer: &[f32], sample_rate: u32) -> Result<f32> {
    |                                              ^^^^^^^^^^^ help: if this is intentional, prefix it with an 
underscore: `_sample_rate`

warning: unused variable: `buffer`
   --> src\ai\feature_extractor.rs:316:39
    |
316 |     fn calculate_beat_strength(&self, buffer: &[f32]) -> Result<f32> {
    |                                       ^^^^^^ help: if this is intentional, prefix it with an underscore: 
`_buffer`

warning: unused variable: `buffer`
   --> src\ai\feature_extractor.rs:321:39
    |
321 |     fn calculate_onset_density(&self, buffer: &[f32], sample_rate: u32) -> Result<f32> {
    |                                       ^^^^^^ help: if this is intentional, prefix it with an underscore: 
`_buffer`

warning: unused variable: `sample_rate`
   --> src\ai\feature_extractor.rs:321:55
    |
321 |     fn calculate_onset_density(&self, buffer: &[f32], sample_rate: u32) -> Result<f32> {
    |                                                       ^^^^^^^^^^^ help: if this is intentional, prefix it with 
an underscore: `_sample_rate`

warning: unused variable: `spectrum`
   --> src\ai\feature_extractor.rs:342:42
    |
342 |     fn calculate_pitch_confidence(&self, spectrum: &[f32], peaks: &[usize]) -> f32 {
    |                                          ^^^^^^^^ help: if this is intentional, prefix it with an underscore: 
`_spectrum`

warning: unused variable: `sample_rate`
   --> src\ai\feature_extractor.rs:404:48
    |
404 |     fn calculate_mfcc(&self, spectrum: &[f32], sample_rate: u32) -> Result<Vec<f32>> {
    |                                                ^^^^^^^^^^^ help: if this is intentional, prefix it with an 
underscore: `_sample_rate`

warning: unused variable: `path`
   --> src\ai\ml_models.rs:147:13
    |
147 |     fn load(path: &Path) -> Result<Self> {
    |             ^^^^ help: if this is intentional, prefix it with an underscore: `_path`

warning: unused variable: `update`
   --> src\ai\ml_models.rs:196:26
    |
196 |     fn update(&mut self, update: &ModelUpdate) -> Result<()> {
    |                          ^^^^^^ help: if this is intentional, prefix it with an underscore: `_update`

Some errors have detailed explanations: E0061, E0308, E0596, E0615.
For more information about an error, try `rustc --explain E0061`.
warning: `rusty-audio` (lib) generated 108 warnings
error: could not compile `rusty-audio` (lib) due to 15 previous errors; 108 warnings emitted
